---
source: extractor/tests/test-inputs.rs
expression: stdout
snapshot_kind: text
---
[
  {
    "functions": [],
    "properties": [],
    "types": [],
    "name": "free",
    "desc": "",
    "source": {
      "line": 2,
      "path": ""
    }
  }
]
