---
source: extractor/tests/test-inputs.rs
expression: stdout
snapshot_kind: text
---

