---
source: extractor/tests/test-inputs.rs
expression: stdout
snapshot_kind: text
---
[
  {
    "functions": [
      {
        "name": "autoType",
        "desc": "auto type",
        "params": [
          {
            "name": "x",
            "desc": "",
            "lua_type": "number"
          },
          {
            "name": "y",
            "desc": "",
            "lua_type": "{ complicated: string, ty: { x: number, y: any } }"
          }
        ],
        "returns": [],
        "function_type": "method",
        "source": {
          "line": 8,
          "path": ""
        }
      },
      {
        "name": "mixed",
        "desc": "mixed",
        "params": [
          {
            "name": "x",
            "desc": "",
            "lua_type": "number"
          },
          {
            "name": "y",
            "desc": "extra description for y",
            "lua_type": "string"
          }
        ],
        "returns": [
          {
            "desc": "",
            "lua_type": "boolean "
          }
        ],
        "function_type": "method",
        "source": {
          "line": 15,
          "path": ""
        }
      },
      {
        "name": "multipleReturns",
        "desc": "multiple returns",
        "params": [
          {
            "name": "x",
            "desc": "",
            "lua_type": "number"
          }
        ],
        "returns": [
          {
            "desc": "",
            "lua_type": "number"
          },
          {
            "desc": "",
            "lua_type": "string"
          },
          {
            "desc": "",
            "lua_type": "boolean"
          }
        ],
        "function_type": "method",
        "source": {
          "line": 20,
          "path": ""
        }
      },
      {
        "name": "variadic",
        "desc": "variadic",
        "params": [
          {
            "name": "x",
            "desc": "",
            "lua_type": "number"
          },
          {
            "name": "...",
            "desc": "",
            "lua_type": "string"
          }
        ],
        "returns": [
          {
            "desc": "",
            "lua_type": "...boolean "
          }
        ],
        "function_type": "method",
        "source": {
          "line": 25,
          "path": ""
        }
      },
      {
        "name": "questionMark",
        "desc": "question mark",
        "params": [
          {
            "name": "x",
            "desc": "",
            "lua_type": "number"
          },
          {
            "name": "...?",
            "desc": "example yo",
            "lua_type": "string"
          }
        ],
        "returns": [],
        "function_type": "method",
        "source": {
          "line": 32,
          "path": ""
        }
      },
      {
        "name": "free",
        "desc": "free function",
        "params": [
          {
            "name": "rakes",
            "desc": "",
            "lua_type": "number"
          },
          {
            "name": "takes",
            "desc": "this is what it takes, and you ain't got it",
            "lua_type": "string"
          }
        ],
        "returns": [
          {
            "desc": "",
            "lua_type": "number"
          },
          {
            "desc": "",
            "lua_type": "boolean"
          }
        ],
        "function_type": "static",
        "source": {
          "line": 40,
          "path": ""
        }
      },
      {
        "name": "weirdFormatting",
        "desc": "weird formatting",
        "params": [
          {
            "name": "secondLine",
            "desc": "A description",
            "lua_type": "number\n"
          }
        ],
        "returns": [],
        "function_type": "static",
        "source": {
          "line": 48,
          "path": ""
        }
      }
    ],
    "properties": [],
    "types": [],
    "name": "test",
    "desc": "",
    "source": {
      "line": 2,
      "path": ""
    }
  }
]
