---
source: extractor/tests/test-inputs.rs
expression: stderr
snapshot_kind: text
---
error: Must specify containing class with @within tag
  ┌─ test-input/failing/function_no_within.lua:2:5
  │
2 │     @function TheFunction
  │     ^^^^^^^^^^^^^^^^^^^^^ Must specify containing class with @within tag

error: aborting due to diagnostic error
