---
source: extractor/tests/test-inputs.rs
expression: stderr
snapshot_kind: text
---

